[2026-08-28 14:24:33] [[32mINFO    [0m] [FloryGuard]: Initializing Database...
[2026-08-28 14:24:33] [[32mINFO    [0m] [FloryGuard]: Loading Security Cogs...
[2026-08-28 14:24:33] [[32mINFO    [0m] [FloryGuard]: Loaded Cog: cogs.events
[2026-08-28 14:24:33] [[32mINFO    [0m] [FloryGuard]: Loaded Cog: cogs.anti_nuke
[2026-08-28 14:24:33] [[32mINFO    [0m] [FloryGuard]: Loaded Cog: cogs.automod
[2026-08-28 14:24:33] [[32mINFO    [0m] [FloryGuard]: Loaded Cog: cogs.anti_raid
[2026-08-28 14:24:33] [[32mINFO    [0m] [FloryGuard]: Loaded Cog: cogs.moderation
[2026-08-28 14:24:33] [[32mINFO    [0m] [FloryGuard]: Loaded Cog: cogs.admin_guard
[2026-08-28 16:13:44] [[32mINFO    [0m] [FloryGuard]: Initializing Database...
[2026-08-28 16:13:44] [[32mINFO    [0m] [FloryGuard]: Loading Security Cogs...
[2026-08-28 16:13:44] [[32mINFO    [0m] [FloryGuard]: Loaded Cog: cogs.events
[2026-08-28 16:13:44] [[32mINFO    [0m] [FloryGuard]: Loaded Cog: cogs.anti_nuke
[2026-08-28 16:13:44] [[32mINFO    [0m] [FloryGuard]: Loaded Cog: cogs.automod
[2026-08-28 16:13:44] [[32mINFO    [0m] [FloryGuard]: Loaded Cog: cogs.anti_raid
[2026-08-28 16:13:44] [[32mINFO    [0m] [FloryGuard]: Loaded Cog: cogs.moderation
[2026-08-28 16:13:44] [[32mINFO    [0m] [FloryGuard]: Loaded Cog: cogs.admin_guard
[2026-08-28 16:20:56] [[32mINFO    [0m] [FloryGuard]: Initializing Database...
[2026-08-28 16:20:56] [[32mINFO    [0m] [FloryGuard]: Loading Security Cogs...
[2026-08-28 16:20:56] [[32mINFO    [0m] [FloryGuard]: Loaded Cog: cogs.events
[2026-08-28 16:20:56] [[32mINFO    [0m] [FloryGuard]: Loaded Cog: cogs.anti_nuke
[2026-08-28 16:20:56] [[32mINFO    [0m] [FloryGuard]: Loaded Cog: cogs.automod
[2026-08-28 16:20:56] [[32mINFO    [0m] [FloryGuard]: Loaded Cog: cogs.anti_raid
[2026-08-28 16:20:56] [[32mINFO    [0m] [FloryGuard]: Loaded Cog: cogs.moderation
[2026-08-28 16:20:56] [[32mINFO    [0m] [FloryGuard]: Loaded Cog: cogs.admin_guard
[2026-08-28 16:29:22] [[32mINFO    [0m] [FloryGuard]: Initializing Database...
[2026-08-28 16:29:22] [[32mINFO    [0m] [FloryGuard]: Loading Security Cogs...
[2026-08-28 16:29:22] [[32mINFO    [0m] [FloryGuard]: Loaded Cog: cogs.events
[2026-08-28 16:29:22] [[32mINFO    [0m] [FloryGuard]: Loaded Cog: cogs.anti_nuke
[2026-08-28 16:29:22] [[32mINFO    [0m] [FloryGuard]: Loaded Cog: cogs.automod
[2026-08-28 16:29:22] [[32mINFO    [0m] [FloryGuard]: Loaded Cog: cogs.anti_raid
[2026-08-28 16:29:22] [[32mINFO    [0m] [FloryGuard]: Loaded Cog: cogs.moderation
[2026-08-28 16:29:22] [[32mINFO    [0m] [FloryGuard]: Loaded Cog: cogs.admin_guard
[2026-08-28 16:39:26] [[32mINFO    [0m] [FloryGuard]: Initializing Database...
[2026-08-28 16:39:26] [[32mINFO    [0m] [FloryGuard]: Loading Security Cogs...
[2026-08-28 16:39:26] [[32mINFO    [0m] [FloryGuard]: Loaded Cog: cogs.events
[2026-08-28 16:39:26] [[32mINFO    [0m] [FloryGuard]: Loaded Cog: cogs.anti_nuke
[2026-08-28 16:39:26] [[32mINFO    [0m] [FloryGuard]: Loaded Cog: cogs.automod
[2026-08-28 16:39:26] [[32mINFO    [0m] [FloryGuard]: Loaded Cog: cogs.anti_raid
[2026-08-28 16:39:26] [[32mINFO    [0m] [FloryGuard]: Loaded Cog: cogs.moderation
[2026-08-28 16:39:26] [[32mINFO    [0m] [FloryGuard]: Loaded Cog: cogs.admin_guard
[2026-08-29 23:16:00] [[32mINFO    [0m] [FloryGuard]: Initializing Database...
[2026-08-29 23:16:00] [[32mINFO    [0m] [FloryGuard]: Loading Security Cogs...
[2026-08-29 23:16:00] [[32mINFO    [0m] [FloryGuard]: Loaded Cog: cogs.events
[2026-08-29 23:16:00] [[32mINFO    [0m] [FloryGuard]: Loaded Cog: cogs.anti_nuke
[2026-08-29 23:16:00] [[32mINFO    [0m] [FloryGuard]: Loaded Cog: cogs.automod
[2026-08-29 23:16:00] [[32mINFO    [0m] [FloryGuard]: Loaded Cog: cogs.anti_raid
[2026-08-29 23:16:00] [[32mINFO    [0m] [FloryGuard]: Loaded Cog: cogs.moderation
[2026-08-29 23:16:00] [[32mINFO    [0m] [FloryGuard]: Loaded Cog: cogs.admin_guard
[2026-08-29 23:23:27] [[32mINFO    [0m] [FloryGuard]: Initializing Database...
[2026-08-29 23:23:27] [[32mINFO    [0m] [FloryGuard]: Loading Security Cogs...
[2026-08-29 23:23:27] [[32mINFO    [0m] [FloryGuard]: Loaded Cog: cogs.events
[2026-08-29 23:23:27] [[32mINFO    [0m] [FloryGuard]: Loaded Cog: cogs.anti_nuke
[2026-08-29 23:23:27] [[32mINFO    [0m] [FloryGuard]: Loaded Cog: cogs.automod
[2026-08-29 23:23:27] [[32mINFO    [0m] [FloryGuard]: Loaded Cog: cogs.anti_raid
[2026-08-29 23:23:27] [[32mINFO    [0m] [FloryGuard]: Loaded Cog: cogs.moderation
[2026-08-29 23:23:28] [[32mINFO    [0m] [FloryGuard]: Loaded Cog: cogs.admin_guard
[2026-08-29 23:24:31] [[32mINFO    [0m] [FloryGuard]: Initializing Database...
[2026-08-29 23:24:31] [[32mINFO    [0m] [FloryGuard]: Loading Security Cogs...
[2026-08-29 23:24:31] [[32mINFO    [0m] [FloryGuard]: Loaded Cog: cogs.events
[2026-08-29 23:24:31] [[32mINFO    [0m] [FloryGuard]: Loaded Cog: cogs.anti_nuke
[2026-08-29 23:24:31] [[32mINFO    [0m] [FloryGuard]: Loaded Cog: cogs.automod
[2026-08-29 23:24:31] [[32mINFO    [0m] [FloryGuard]: Loaded Cog: cogs.anti_raid
[2026-08-29 23:24:31] [[32mINFO    [0m] [FloryGuard]: Loaded Cog: cogs.moderation
[2026-08-29 23:24:31] [[32mINFO    [0m] [FloryGuard]: Loaded Cog: cogs.admin_guard
[2026-08-29 23:25:10] [[32mINFO    [0m] [FloryGuard]: Initializing Database...
[2026-08-29 23:25:10] [[32mINFO    [0m] [FloryGuard]: Loading Security Cogs...
[2026-08-29 23:25:10] [[32mINFO    [0m] [FloryGuard]: Loaded Cog: cogs.events
[2026-08-29 23:25:10] [[32mINFO    [0m] [FloryGuard]: Loaded Cog: cogs.anti_nuke
[2026-08-29 23:25:10] [[32mINFO    [0m] [FloryGuard]: Loaded Cog: cogs.automod
[2026-08-29 23:25:10] [[32mINFO    [0m] [FloryGuard]: Loaded Cog: cogs.anti_raid
[2026-08-29 23:25:10] [[32mINFO    [0m] [FloryGuard]: Loaded Cog: cogs.moderation
[2026-08-29 23:25:10] [[32mINFO    [0m] [FloryGuard]: Loaded Cog: cogs.admin_guard
[2026-08-29 23:27:29] [[32mINFO    [0m] [FloryGuard]: Initializing Database...
[2026-08-29 23:27:29] [[32mINFO    [0m] [FloryGuard]: Loading Security Cogs...
[2026-08-29 23:27:29] [[32mINFO    [0m] [FloryGuard]: Loaded Cog: cogs.events
[2026-08-29 23:27:29] [[32mINFO    [0m] [FloryGuard]: Loaded Cog: cogs.anti_nuke
[2026-08-29 23:27:29] [[32mINFO    [0m] [FloryGuard]: Loaded Cog: cogs.automod
[2026-08-29 23:27:29] [[32mINFO    [0m] [FloryGuard]: Loaded Cog: cogs.anti_raid
[2026-08-29 23:27:29] [[32mINFO    [0m] [FloryGuard]: Loaded Cog: cogs.moderation
[2026-08-29 23:27:29] [[32mINFO    [0m] [FloryGuard]: Loaded Cog: cogs.admin_guard
[2026-08-29 23:31:20] [[32mINFO    [0m] [FloryGuard]: Initializing Database...
[2026-08-29 23:31:20] [[32mINFO    [0m] [FloryGuard]: Loading Security Cogs...
[2026-08-29 23:31:20] [[32mINFO    [0m] [FloryGuard]: Loaded Cog: cogs.events
[2026-08-29 23:31:20] [[32mINFO    [0m] [FloryGuard]: Loaded Cog: cogs.anti_nuke
[2026-08-29 23:31:20] [[32mINFO    [0m] [FloryGuard]: Loaded Cog: cogs.automod
[2026-08-29 23:31:20] [[32mINFO    [0m] [FloryGuard]: Loaded Cog: cogs.anti_raid
[2026-08-29 23:31:20] [[32mINFO    [0m] [FloryGuard]: Loaded Cog: cogs.moderation
[2026-08-29 23:31:20] [[32mINFO    [0m] [FloryGuard]: Loaded Cog: cogs.admin_guard
[2026-09-04 14:14:03] [[32mINFO    [0m] [FloryGuard]: Initializing Database...
[2026-09-04 14:14:03] [[32mINFO    [0m] [FloryGuard]: Loading Security Cogs...
[2026-09-04 14:14:03] [[32mINFO    [0m] [FloryGuard]: Loaded Cog: cogs.events
[2026-09-04 14:14:03] [[32mINFO    [0m] [FloryGuard]: Loaded Cog: cogs.anti_nuke
[2026-09-04 14:14:03] [[32mINFO    [0m] [FloryGuard]: Loaded Cog: cogs.automod
[2026-09-04 14:14:03] [[32mINFO    [0m] [FloryGuard]: Loaded Cog: cogs.anti_raid
[2026-09-04 14:14:03] [[32mINFO    [0m] [FloryGuard]: Loaded Cog: cogs.moderation
[2026-09-04 14:14:03] [[32mINFO    [0m] [FloryGuard]: Loaded Cog: cogs.admin_guard
[2026-09-04 14:18:33] [[32mINFO    [0m] [FloryGuard]: Initializing Database...
[2026-09-04 14:18:33] [[32mINFO    [0m] [FloryGuard]: Loading Security Cogs...
[2026-09-04 14:18:33] [[32mINFO    [0m] [FloryGuard]: Loaded Cog: cogs.events
[2026-09-04 14:18:33] [[32mINFO    [0m] [FloryGuard]: Loaded Cog: cogs.anti_nuke
[2026-09-04 14:18:33] [[32mINFO    [0m] [FloryGuard]: Loaded Cog: cogs.automod
[2026-09-04 14:18:33] [[32mINFO    [0m] [FloryGuard]: Loaded Cog: cogs.anti_raid
[2026-09-04 14:18:33] [[32mINFO    [0m] [FloryGuard]: Loaded Cog: cogs.moderation
[2026-09-04 14:18:33] [[32mINFO    [0m] [FloryGuard]: Loaded Cog: cogs.admin_guard
[2026-09-12 18:23:26] [[32mINFO    [0m] [FloryGuard]: Initializing Database...
[2026-09-12 18:23:26] [[32mINFO    [0m] [FloryGuard]: Loading Security Cogs...
[2026-09-12 18:23:26] [[32mINFO    [0m] [FloryGuard]: Loaded Cog: cogs.events
[2026-09-12 18:23:26] [[32mINFO    [0m] [FloryGuard]: Loaded Cog: cogs.anti_nuke
[2026-09-12 18:23:26] [[32mINFO    [0m] [FloryGuard]: Loaded Cog: cogs.automod
[2026-09-12 18:23:26] [[32mINFO    [0m] [FloryGuard]: Loaded Cog: cogs.anti_raid
[2026-09-12 18:23:26] [[32mINFO    [0m] [FloryGuard]: Loaded Cog: cogs.moderation
[2026-09-12 18:23:26] [[32mINFO    [0m] [FloryGuard]: Loaded Cog: cogs.admin_guard
[2026-09-12 18:23:27] [[32mINFO    [0m] [FloryGuard]: Loaded Cog: cogs.transfer
[2026-09-16 17:11:35] [[32mINFO    [0m] [FloryGuard]: Initializing Database...
[2026-09-16 17:11:35] [[32mINFO    [0m] [FloryGuard]: Loading Security Cogs...
[2026-09-16 17:11:35] [[32mINFO    [0m] [FloryGuard]: Loaded Cog: cogs.events
[2026-09-16 17:11:35] [[32mINFO    [0m] [FloryGuard]: Loaded Cog: cogs.anti_nuke
[2026-09-16 17:11:35] [[32mINFO    [0m] [FloryGuard]: Loaded Cog: cogs.automod
[2026-09-16 17:11:35] [[32mINFO    [0m] [FloryGuard]: Loaded Cog: cogs.anti_raid
[2026-09-16 17:11:35] [[32mINFO    [0m] [FloryGuard]: Loaded Cog: cogs.moderation
[2026-09-16 17:11:35] [[32mINFO    [0m] [FloryGuard]: Loaded Cog: cogs.admin_guard
[2026-09-16 17:11:35] [[32mINFO    [0m] [FloryGuard]: Loaded Cog: cogs.transfer
